// Jest Snapshot v1, https://goo.gl/fbAQLP

exports[`Head should render correctly 1`] = `
Array [
  <HelmetWrapper
    defer={true}
    encodeSpecialCharacters={true}
  >
    <title>
      Author / Name
    </title>
    <link
      href="favicon.ico"
      rel="shortcut icon"
    />
    <meta
      content="noindex"
      name="robots"
    />
    <meta
      charset="utf-8"
    />
    <meta
      content="width=device-width, user-scalable=no, initial-scale=1, minimum-scale=1, maximum-scale=1, minimal-ui"
      name="viewport"
    />
    <meta
      content="Author / Name"
      name="title"
    />
    <meta
      content="Name"
      name="description"
    />
    <meta
      content="Author"
      name="author"
    />
    <meta
      content="Author / Name"
      property="og:site_name"
    />
    <meta
      content="Author / Name"
      property="og:title"
    />
    <meta
      content="Name"
      property="og:description"
    />
    <meta
      content="preview.png"
      property="og:image"
    />
    <meta
      content="Author / Name"
      name="twitter:title"
    />
    <meta
      content="Name"
      name="twitter:description"
    />
    <meta
      content="preview.png"
      name="twitter:image"
    />
    <meta
      content="summary_large_image"
      name="twitter:card"
    />
    <meta
      content="@Author"
      name="twitter:site"
    />
    <meta
      content="Author / Name"
      name="twitter:image:alt"
    />
    <meta
      content="yes"
      name="mobile-web-app-capable"
    />
    <meta
      content="yes"
      name="apple-mobile-web-app-capable"
    />
    <meta
      content="black"
      name="apple-mobile-web-app-status-bar-style"
    />
  </HelmetWrapper>,
]
`;
